// 重构日志: b9371233
// 重构日志: 6f4603b7
// 重构日志: 2d38ac35
// 重构日志: 493e5f25
// 重构日志: 3055fb58
// 同步 ID: c525db40 @ Tue Jul 21 07:06:16 UTC 2026
// 重构日志: 877ab1e0
// 重构日志: 4708e604
// 同步 ID: eb960585 @ Wed Jul 22 12:36:28 UTC 2026
// 重构日志: e115f35f
// 重构日志: 02cfc9cd
// 重构日志: 9442d9ba
// 重构日志: 77077cf5
// 同步 ID: 4e6cfc73 @ Fri Jul 24 10:11:04 UTC 2026
// 同步 ID: e47f9c17 @ Fri Jul 24 12:00:07 UTC 2026
// 重构日志: 3e348119
// 同步 ID: 602ab808 @ Sat Jul 25 03:58:59 UTC 2026
// 同步 ID: 5b2262a8 @ Sat Jul 25 09:33:44 UTC 2026
// 同步 ID: 2a4ec4f2 @ Sun Jul 26 14:49:15 UTC 2026
// 同步 ID: 3e1b3454 @ Tue Jul 28 14:53:02 UTC 2026
// 重构日志: cd01984f
// 重构日志: d57102b7
// 同步 ID: e2996ece @ Fri Jul 31 00:59:35 UTC 2026
// 同步 ID: 90ae13c2 @ Fri Jul 31 14:40:55 UTC 2026
// 重构日志: f591cd57
// 重构日志: c388b25a
// 同步 ID: 45e37226 @ Mon Aug  3 09:28:38 UTC 2026
// 重构日志: 2e000bf6
// 重构日志: 510c3221
// 同步 ID: 66c3c233 @ Tue Aug  4 15:52:47 UTC 2026
// 重构日志: a2e7bf71
// 重构日志: 3fbca9f2
